
> frontend@0.0.0 test
> vitest run src/pages/PyqDashboard.test.jsx


[1m[30m[46m RUN [49m[39m[22m [36mv4.1.10 [39m[90m/Users/aayu/OpenPrep-AI/frontend[39m

 [31m❯[39m src/pages/PyqDashboard.test.jsx [2m([22m[2m1 test[22m[2m | [22m[31m1 failed[39m[2m)[22m[32m 133[2mms[22m[39m
[31m     [31m×[31m renders dashboard with uploaded papers and switches tabs to show AI forecast[39m[32m 131[2mms[22m[39m

[31m⎯⎯⎯⎯⎯⎯⎯[39m[1m[41m Failed Tests 1 [49m[22m[31m⎯⎯⎯⎯⎯⎯⎯[39m

[41m[1m FAIL [22m[49m src/pages/PyqDashboard.test.jsx[2m > [22mPyqDashboard Component[2m > [22mrenders dashboard with uploaded papers and switches tabs to show AI forecast
[31m[1mTestingLibraryElementError[22m[39m: Unable to find an accessible element with the role "button" and name `/Paper Insights/i`

Here are the accessible roles:

  link:

  Name "Back to Main Dashboard":
  [36m<a[39m
    [33mclass[39m=[32m"inline-flex items-center gap-1 text-sm text-amber-200/80 hover:text-amber-100 mb-2 transition-colors"[39m
    [33mdata-discover[39m=[32m"true"[39m
    [33mhref[39m=[32m"/dashboard"[39m
  [36m/>[39m

  --------------------------------------------------
  heading:

  Name "PYQ Intelligence & Analysis":
  [36m<h1[39m
    [33mclass[39m=[32m"text-4xl md:text-5xl font-bold text-gold-foil font-playfair tracking-tight flex items-center gap-3"[39m
  [36m/>[39m

  Name "Upload Question Paper (PDF)":
  [36m<h2[39m
    [33mclass[39m=[32m"text-2xl font-bold font-playfair text-neutral-900 mb-4 border-b border-neutral-400 pb-2 flex items-center gap-2"[39m
  [36m/>[39m

  Name "Exam Papers(1)":
  [36m<h2[39m
    [33mclass[39m=[32m"text-xl font-bold font-playfair text-neutral-900 mb-4 border-b border-neutral-400 pb-2 flex items-center justify-between"[39m
  [36m/>[39m

  --------------------------------------------------
  paragraph:

  Name "":
  [36m<p[39m
    [33mclass[39m=[32m"text-amber-100/70 text-sm md:text-base font-playfair mt-1"[39m
  [36m/>[39m

  Name "":
  [36m<p[39m
    [33mclass[39m=[32m"text-sm font-medium text-neutral-800"[39m
  [36m/>[39m

  Name "":
  [36m<p[39m
    [33mclass[39m=[32m"text-xs text-neutral-500 mt-1"[39m
  [36m/>[39m

  Name "":
  [36m<p[39m
    [33mclass[39m=[32m"font-bold text-sm truncate"[39m
  [36m/>[39m

  --------------------------------------------------
  button:

  Name "Open theme selector":
  [36m<button[39m
    [33maria-label[39m=[32m"Open theme selector"[39m
    [33mclass[39m=[32m"p-2 rounded-lg transition bg-amber-100/50 hover:bg-amber-100 dark:bg-slate-800 dark:hover:bg-slate-700/80 "[39m
    [33mtitle[39m=[32m"Change Theme"[39m
  [36m/>[39m

  Name "Upload & Analyze PYQ":
  [36m<button[39m
    [33mclass[39m=[32m"px-6 py-2.5 bg-gradient-to-r from-amber-700 to-amber-900 text-amber-50 font-bold text-sm rounded shadow hover:shadow-lg transition-all flex items-center gap-2 disabled:opacity-50"[39m
    [33mdisabled[39m=[32m""[39m
    [33mtype[39m=[32m"submit"[39m
  [36m/>[39m

  Name "Easy":
  [36m<button[39m
    [33mclass[39m=[32m"px-2.5 py-1 rounded-full text-[10px] font-bold uppercase tracking-wider border transition-colors bg-white text-neutral-600 border-neutral-300 hover:bg-amber-100/60"[39m
    [33mtype[39m=[32m"button"[39m
  [36m/>[39m

  Name "Medium":
  [36m<button[39m
    [33mclass[39m=[32m"px-2.5 py-1 rounded-full text-[10px] font-bold uppercase tracking-wider border transition-colors bg-white text-neutral-600 border-neutral-300 hover:bg-amber-100/60"[39m
    [33mtype[39m=[32m"button"[39m
  [36m/>[39m

  Name "Hard":
  [36m<button[39m
    [33mclass[39m=[32m"px-2.5 py-1 rounded-full text-[10px] font-bold uppercase tracking-wider border transition-colors bg-white text-neutral-600 border-neutral-300 hover:bg-amber-100/60"[39m
    [33mtype[39m=[32m"button"[39m
  [36m/>[39m

  --------------------------------------------------
  combobox:

  Name "":
  [36m<select[39m
    [33mclass[39m=[32m"w-full px-3 py-2 bg-white border border-neutral-300 rounded text-neutral-800 text-sm focus:ring-2 focus:ring-amber-600 outline-none"[39m
  [36m/>[39m

  Name "":
  [36m<select[39m
    [33mclass[39m=[32m"w-full px-3 py-2 bg-white border border-neutral-300 rounded text-neutral-800 text-sm focus:ring-2 focus:ring-amber-600 outline-none"[39m
  [36m/>[39m

  Name "":
  [36m<select[39m
    [33mclass[39m=[32m"w-full px-2.5 py-1.5 bg-white border border-neutral-300 rounded text-neutral-800 text-xs focus:outline-none"[39m
  [36m/>[39m

  Name "":
  [36m<select[39m
    [33mclass[39m=[32m"w-full px-2 py-1.5 bg-white border border-neutral-300 rounded text-neutral-800 text-xs focus:outline-none"[39m
  [36m/>[39m

  --------------------------------------------------
  option:

  Name "Software Engineering":
  [36m<option[39m
    [33mvalue[39m=[32m"subj-1"[39m
  [36m/>[39m

  Name "Easy":
  [36m<option[39m
    [33mvalue[39m=[32m"Easy"[39m
  [36m/>[39m

  Name "Medium":
  [36m<option[39m
    [33mvalue[39m=[32m"Medium"[39m
  [36m/>[39m

  Name "Hard":
  [36m<option[39m
    [33mvalue[39m=[32m"Hard"[39m
  [36m/>[39m

  Name "All Subjects":
  [36m<option[39m
    [33mvalue[39m=[32m""[39m
  [36m/>[39m

  Name "Software Engineering":
  [36m<option[39m
    [33mvalue[39m=[32m"subj-1"[39m
  [36m/>[39m

  Name "All Chapters":
  [36m<option[39m
    [33mvalue[39m=[32m""[39m
  [36m/>[39m

  Name "Requirements":
  [36m<option[39m
    [33mvalue[39m=[32m"Requirements"[39m
  [36m/>[39m

  Name "Testing":
  [36m<option[39m
    [33mvalue[39m=[32m"Testing"[39m
  [36m/>[39m

  --------------------------------------------------
  textbox:

  Name "":
  [36m<input[39m
    [33mclass[39m=[32m"w-full px-3 py-2 bg-white border border-neutral-300 rounded text-neutral-800 text-sm focus:ring-2 focus:ring-amber-600 outline-none"[39m
    [33mplaceholder[39m=[32m"e.g. Endterm 2025"[39m
    [33mtype[39m=[32m"text"[39m
    [33mvalue[39m=[32m""[39m
  [36m/>[39m

  --------------------------------------------------
  spinbutton:

  Name "":
  [36m<input[39m
    [33mclass[39m=[32m"w-full px-3 py-2 bg-white border border-neutral-300 rounded text-neutral-800 text-sm focus:ring-2 focus:ring-amber-600 outline-none"[39m
    [33mtype[39m=[32m"number"[39m
    [33mvalue[39m=[32m"2026"[39m
  [36m/>[39m

  Name "":
  [36m<input[39m
    [33mclass[39m=[32m"w-full px-2 py-1.5 bg-white border border-neutral-300 rounded text-neutral-800 text-xs focus:outline-none"[39m
    [33mplaceholder[39m=[32m"Year"[39m
    [33mtype[39m=[32m"number"[39m
    [33mvalue[39m=[32m""[39m
  [36m/>[39m

  --------------------------------------------------

Ignored nodes: comments, script, style
[36m<body>[39m
  [36m<div>[39m
    [36m<div[39m
      [33mclass[39m=[32m"min-h-screen bg-neutral-900 p-4 sm:p-8 md:p-12 flex justify-center overflow-x-hidden font-inter"[39m
    [36m>[39m
      [36m<div[39m
        [33mclass[39m=[32m"relative w-full max-w-7xl bg-leather shadow-leather rounded-lg border-stitched p-6 md:p-10"[39m
      [36m>[39m
        [36m<div[39m
          [33mclass[39m=[32m"absolute left-0 top-0 bottom-0 w-16 bg-black/20 rounded-l-lg border-r border-black/40 shadow-[inset_-5px_0_15px_rgba(0,0,0,0.5)] z-0"[39m
        [36m/>[39m
        [36m<div[39m
          [33mclass[39m=[32m"absolute top-0 left-0 w-8 h-8 bg-gradient-to-br from-yellow-600 to-yellow-800 rounded-tl-lg shadow-sm border-b border-r border-yellow-900/50"[39m
        [36m/>[39m
        [36m<div[39m
          [33mclass[39m=[32m"absolute top-0 right-0 w-8 h-8 bg-gradient-to-bl from-yellow-600 to-yellow-800 rounded-tr-lg shadow-sm border-b border-l border-yellow-900/50"[39m
        [36m/>[39m
        [36m<div[39m
          [33mclass[39m=[32m"absolute bottom-0 left-0 w-8 h-8 bg-gradient-to-tr from-yellow-600 to-yellow-800 rounded-bl-lg shadow-sm border-t border-r border-yellow-900/50"[39m
        [36m/>[39m
        [36m<div[39m
          [33mclass[39m=[32m"absolute bottom-0 right-0 w-8 h-8 bg-gradient-to-tl from-yellow-600 to-yellow-800 rounded-br-lg shadow-sm border-t border-l border-yellow-900/50"[39m
        [36m/>[39m
        [36m<div[39m
          [33mclass[39m=[32m"relative z-10 w-full h-full"[39m
        [36m>[39m
          [36m<div[39m
            [33mclass[39m=[32m"pl-4 md:pl-16 pr-4 lg:pr-8 pt-16 sm:pt-8 pb-8 space-y-8"[39m
          [36m>[39m
            [36m<div[39m
              [33mclass[39m=[32m"flex flex-col md:flex-row justify-between items-start md:items-center border-b border-black/20 pb-6 gap-4"[39m
            [36m>[39m
              [36m<div>[39m
                [36m<a[39m
                  [33mclass[39m=[32m"inline-flex items-center gap-1 text-sm text-amber-200/80 hover:text-amber-100 mb-2 transition-colors"[39m
                  [33mdata-discover[39m=[32m"true"[39m
                  [33mhref[39m=[32m"/dashboard"[39m
                [36m>[39m
                  [36m<svg[39m
                    [33maria-hidden[39m=[32m"true"[39m
                    [33mclass[39m=[32m"lucide lucide-arrow-left w-4 h-4"[39m
                    [33mfill[39m=[32m"none"[39m
                    [33mheight[39m=[32m"24"[39m
                    [33mstroke[39m=[32m"currentColor"[39m
                    [33mstroke-linecap[39m=[32m"round"[39m
                    [33mstroke-linejoin[39m=[32m"round"[39m
                    [33mstroke-width[39m=[32m"2"[39m
                    [33mviewBox[39m=[32m"0 0 24 24"[39m
                    [33mwidth[39m=[32m"24"[39m
                    [33mxmlns[39m=[32m"http://www.w3.org/2000/svg"[39m
                  [36m>[39m
                    [36m<path[39m
                      [33md[39m=[32m"m12 19-7-7 7-7"[39m
                    [36m/>[39m
                    [36m<path[39m
                      [33md[39m=[32m"M19 12H5"[39m
                    [36m/>[39m
                  [36m</svg>[39m
                  [0m Back to Main Dashboard[0m
                [36m</a>[39m
                [36m<h1[39m
                  [33mclass[39m=[32m"text-4xl md:text-5xl font-bold text-gold-foil font-playfair tracking-tight flex items-center gap-3"[39m
                [36m>[39m
                  [36m<svg[39m
                    [33maria-hidden[39m=[32m"true"[39m
                    [33mclass[39m=[32m"lucide lucide-chart-pie w-10 h-10 text-yellow-500"[39m
                    [33mfill[39m=[32m"none"[39m
                    [33mheight[39m=[32m"24"[39m
                    [33mstroke[39m=[32m"currentColor"[39m
                    [33mstroke-linecap[39m=[32m"round"[39m
                    [33mstroke-linejoin[39m=[32m"round"[39m
                    [33mstroke-width[39m=[32m"2"[39m
                    [33mviewBox[39m=[32m"0 0 24 24"[39m
                    [33mwidth[39m=[32m"24"[39m
                    [33mxmlns[39m=[32m"http://www.w3.org/2000/svg"[39m
                  [36m>[39m
                    [36m<path[39m
                      [33md[39m=[32m"M21 12c.552 0 1.005-.449.95-.998a10 10 0 0 0-8.953-8.951c-.55-.055-.998.398-.998.95v8a1 1 0 0 0 1 1z"[39m
                    [36m/>[39m
                    [36m<path[39m
                      [33md[39m=[32m"M21.21 15.89A10 10 0 1 1 8 2.83"[39m
                    [36m/>[39m
                  [36m</svg>[39m
                  [0mPYQ Intelligence & Analysis[0m
                [36m</h1>[39m
                [36m<p[39m
                  [33mclass[39m=[32m"text-amber-100/70 text-sm md:text-base font-playfair mt-1"[39m
                [36m>[39m
                  [0mUpload Previous Year Question Papers to unlock AI chapter weightage, topic frequency, & trend insights.[0m
                [36m</p>[39m
              [36m</div>[39m
              [36m<div[39m
                [33mclass[39m=[32m"flex items-center gap-4"[39m
              [36m>[39m
                [36m<button[39m
                  [33maria-label[39m=[32m"Open theme selector"[39m
                  [33mclass[39m=[32m"p-2 rounded-lg transition bg-amber-100/50 hover:bg-amber-100 dark:bg-slate-800 dark:hover:bg-slate-700/80 "[39m
                  [33mtitle[39m=[32m"Change Theme"[39m
                [36m>[39m
                  [36m<svg[39m
                    [33maria-hidden[39m=[32m"true"[39m
                    [33mclass[39m=[32m"lucide lucide-palette h-5 w-5"[39m
                    [33mfill[39m=[32m"none"[39m
                    [33mheight[39m=[32m"24"[39m
                    [33mstroke[39m=[32m"currentColor"[39m
                    [33mstroke-linecap[39m=[32m"round"[39m
                    [33mstroke-linejoin[39m=[32m"round"[39m
                    [33mstroke-width[39m=[32m"2"[39m
                    [33mviewBox[39m=[32m"0 0 24 24"[39m
                    [33mwidth[39m=[32m"24"[39m
                    [33mxmlns[39m=[32m"http://www.w3.org/2000/svg"[39m
                  [36m>[39m
                    [36m<path[39m
                      [33md[39m=[32m"M12 22a1 1 0 0 1 0-20 10 9 0 0 1 10 9 5 5 0 0 1-5 5h-2.25a1.75 1.75 0 0 0-1.4 2.8l.3.4a1.75 1.75 0 0 1-1.4 2.8z"[39m
                    [36m/>[39m
                    [36m<circle[39m
                      [33mcx[39m=[32m"13.5"[39m
                      [33mcy[39m=[32m"6.5"[39m
                      [33mfill[39m=[32m"currentColor"[39m
                      [33mr[39m=[32m".5"[39m
                    [36m/>[39m
                    [36m<circle[39m
                      [33mcx[39m=[32m"17.5"[39m
        ...
[90m [2m❯[22m Object.getElementError node_modules/@testing-library/dom/dist/config.js:[2m37:19[22m[39m
[90m [2m❯[22m node_modules/@testing-library/dom/dist/query-helpers.js:[2m76:38[22m[39m
[90m [2m❯[22m node_modules/@testing-library/dom/dist/query-helpers.js:[2m52:17[22m[39m
[90m [2m❯[22m node_modules/@testing-library/dom/dist/query-helpers.js:[2m95:19[22m[39m
[36m [2m❯[22m src/pages/PyqDashboard.test.jsx:[2m95:29[22m[39m
    [90m 93|[39m
    [90m 94|[39m     [90m// Verify Tab buttons exist[39m
    [90m 95|[39m     const paperTab = screen.getByRole('button', { name: /Paper Insight…
    [90m   |[39m                             [31m^[39m
    [90m 96|[39m     const forecastTab = screen.getByRole('button', { name: /AI Upcomin…
    [90m 97|[39m     [34mexpect[39m(paperTab)[33m.[39m[34mtoBeInTheDocument[39m()[33m;[39m

[31m[2m⎯⎯⎯⎯⎯⎯⎯⎯⎯⎯⎯⎯⎯⎯⎯⎯⎯⎯⎯⎯⎯⎯⎯⎯[1/1]⎯[22m[39m


[2m Test Files [22m [1m[31m1 failed[39m[22m[90m (1)[39m
[2m      Tests [22m [1m[31m1 failed[39m[22m[90m (1)[39m
[2m   Start at [22m 17:32:18
[2m   Duration [22m 617ms[2m (transform 63ms, setup 25ms, import 176ms, tests 133ms, environment 223ms)[22m

